<foo>
    <bar name="a">123</bar>
    <bar name="b">4 5 6</bar>
    <zoo>
        <baz>abc89</baz>
    </zoo>
</foo>